Using src/app as the root directory for Expo Router.
React Compiler enabled
Starting Metro Bundler

warning: Bundler cache is empty, rebuilding (this may take a minute)
iOS Bundling failed 181936ms node_modules/expo-router/entry.js (1467 modules)

Error: Unable to resolve module ../../utils/location from /data/data/com.termux/files/home/peyk-hafez/src/app/admin/map.tsx: 

None of these files exist:
  * src/utils/location(.ios.ts|.native.ts|.ts|.ios.tsx|.native.tsx|.tsx|.ios.mjs|.native.mjs|.mjs|.ios.js|.native.js|.js|.ios.jsx|.native.jsx|.jsx|.ios.json|.native.json|.json|.ios.cjs|.native.cjs|.cjs|.ios.scss|.native.scss|.scss|.ios.sass|.native.sass|.sass|.ios.css|.native.css|.css)
  * src/utils/location
[0m [90m 3 |[39m [36mimport[39m [33mMapView[39m[33m,[39m { [33mMarker[39m } [36mfrom[39m [32m"react-native-maps"[39m[33m;[39m
 [90m 4 |[39m [36mimport[39m { getDrivers } [36mfrom[39m [32m"../../utils/storage"[39m[33m;[39m
[31m[1m>[22m[39m[90m 5 |[39m [36mimport[39m { getDriverLocation } [36mfrom[39m [32m"../../utils/location"[39m[33m;[39m
 [90m   |[39m                                    [31m[1m^[22m[39m
 [90m 6 |[39m
 [90m 7 |[39m [36mexport[39m [36mdefault[39m [36mfunction[39m [33mAdminMap[39m() {
 [90m 8 |[39m   [36mconst[39m [drivers[33m,[39m setDrivers] [33m=[39m useState([])[33m;[39m[0m

Import stack:

 src/app/admin/map.tsx
 | import "../../utils/location"

 src/app (require.context)

